// **************************************************************************
// RealmObjectGenerator
// **************************************************************************

class Person extends _Person with RealmEntity, RealmObject {
  Person({
    int age = 47,
  }) {
    _ageProperty.setValue(this, age);
  }

  Person._();

  static const _ageProperty = ValueProperty<int>(
    'age',
    RealmPropertyType.int,
    defaultValue: 47,
  );
  @override
  int get age => _ageProperty.getValue(this);
  @override
  set age(int value) => _ageProperty.setValue(this, value);

  @override
  Stream<RealmObjectChanges<Person>> get changes =>
      RealmObject.getChanges(this);

  static const schema = SchemaObject<Person>(
    Person._,
    'Person',
    {
      'age': _ageProperty,
    },
  );
  @override
  Map<String, ValueProperty> get properties => schema.properties;
}
