// **************************************************************************
// RealmObjectGenerator
// **************************************************************************

class Person extends _Person with RealmEntity, RealmObject {
  Person(
    String name,
  ) {
    _nameProperty.setValue(this, name);
  }

  Person._();

  static const _nameProperty = ValueProperty<String>(
    'name',
    RealmPropertyType.string,
  );
  @override
  String get name => _nameProperty.getValue(this);
  @override
  set name(String value) => _nameProperty.setValue(this, value);

  @override
  Stream<RealmObjectChanges<Person>> get changes =>
      RealmObject.getChanges(this);

  static const schema = SchemaObject<Person>(
    Person._,
    'Person',
    {
      'name': _nameProperty,
    },
  );
  @override
  Map<String, ValueProperty> get properties => schema.properties;
}
